                                      
           c   a    b                 
               #                    * 
xxxxxxxxxxxxxxxxxxxxxxxxxxxxxxxxxxxxxx
                                      
                                      
                                      
                                      
                                      
                                      
                                      
                                      
                                      
                                      
                                      
                                      
                                      
                                      
                                      
                                      
                                      
                                      
                                      
                                      
                                      
                                      
                                      
                                      
                                      
                                      
                                      
                                      
                                      
                                      
                o                     