                                      
     a                      a         
               #           b   a    * 
xxxxxxxxxxxxxxxxxxxxxxxxxxxxxxxxxxxxxx
                                      
                                      
                                      
                                      
                                      
                                      
                                      
                                      
                                      
                                      
                                      
                                      
                                      
                                      
                                      
                                      
                                      
                                      
                                      
                                      
                                      
                                      
                                      
                                      
                                      
                                      
                                      
                                      
                                      
                                      
                o                     