g                                       
                                        
                                        
                                        
                                        
                                        
                                        
                                        
                                        
                                        
                                        
                                        
                                        
                                        
                                        
                                        
                                        
                                        
                                        
                                        
                                        
                                        
                                        
                                        
                                        
              t                         
                                        
              a b                       
 #  m          *        t               
xxxxxxxxxxxxxxdxcxxxxxxxxxxxxxxxxxxxxx  
                                      g 