g                                                                                                                                        
                                                                                                        
                                                                                                        
                                                                                                        
                                                                                                        
                                                                                                        
                                                                                                     
                                                                                                     
                                                                                                        
                                                                                            xx    
                                                                                                        
                                                                                                        
                                xxxx                                 x             
                                                                                                        
                                                                                        xx     
xx                                                                                    
                                                                                                        
                                                                                                        
                                                    t                                                
                                xx                                                             
                                                                                                     
                                                                                                        
                                                                                                        
                                                    t          xx                             
                                                                                                        
                                                                                                        
                                                                                                        
                                                        xxxxxxxx             
                                                                                                        
                                                                                                        
                                        xxxxxxxxxxxxxxxxxxxxxx 
                                                                                                        
                                                                                                        
    xxxxxxxxxx                                                                                
                                                                                                        
                     y          y                                                                       
                    xxxxxxxxxxxxxxxxxxxx                                              
                                                                                                     
                                                                                                        
                                                                                                        
                    xxxxxxxxxa                 axxxxxxxxxxxxx 
                                                                                                     
#      *                                                                                             
xxxxxxxxxxxxxxxxxxxxxxxxxxxxxxxxxxxxxxxxxxxxxxxxxxxx        g