 g                                                                                                                          
                                                     
                                                     
                                                     
                                                     
                                                     
    #    xxxxxxx                                  
xxxxxx                                                                                                  
           x xxxxxxxxxxx x x  x   x                  
                        x                            
     xxxxxxxxxxxxxxxxxx                              
                       xxx x  xxxxxx                 
                            x       x x x x x        
                                                     
                   xxxxxxxxxxxxxxx                   
                       xxxxxxxxxxxxxxxx   x  x       
                                                     
                   x x   x   x   x  x  x             
                             xxx                     
                                 x                 * 
xxxxxxxxxxxxxxxxxxxxxxxxxxxxxxxxxxxxxxxxxxxxxxxxxxxxx
                                                     
                                                     
                                                     
                                                     
                                                     
                                                     g
